AI chose action: cpu
AI chose action: processes
AI chose action: processes
AI chose action: ram
AI chose action: processes
AI chose action: cpu
AI chose action: processes
AI chose action: cpu
AI chose action: ram
AI chose action: processes
AI chose action: cpu
AI chose action: ram
AI chose action: cpu
AI chose action: processes
AI chose action: disk
AI chose action: disk
AI chose action: processes
AI chose action: disk
AI chose action: processes
AI chose action: disk
AI chose action: disk
AI chose action: ram
AI chose action: disk
AI chose action: cpu
AI chose action: cpu
AI chose action: cpu
AI chose action: cpu
AI chose action: cpu
AI chose action: cpu
AI chose action: cpu
AI chose action: cpu
AI chose action: cpu
AI chose action: cpu
AI chose action: cpu
AI chose action: cpu
AI chose action: cpu
AI chose action: cpu
AI chose action: cpu
AI chose action: cpu
AI chose action: cpu
AI chose action: cpu
AI chose action: cpu
AI chose action: cpu
AI chose action: cpu
AI chose action: cpu
AI chose action: cpu
AI chose action: cpu
AI chose action: cpu
AI chose action: cpu
AI chose action: cpu
AI chose action: cpu
AI chose action: cpu
AI chose action: cpu
ALERT: High CPU Usage Detected
AI chose action: cpu
AI chose action: cpu
ALERT: High CPU Usage Detected
AI chose action: cpu
AI chose action: cpu
AI chose action: cpu
AI chose action: cpu
AI chose action: cpu
AI chose action: cpu
AI chose action: cpu
AI chose action: cpu
AI chose action: cpu
AI chose action: cpu
AI chose action: cpu
AI chose action: cpu
AI chose action: cpu
AI chose action: cpu
ALERT: High CPU Usage Detected
AI chose action: cpu
AI chose action: cpu
ALERT: High CPU Usage Detected
AI chose action: cpu
AI chose action: cpu
ALERT: High CPU Usage Detected
ALERT: High RAM Usage Detected
ALERT: High Disk Usage Detected
AI chose action: cpu
AI chose action: cpu
ALERT: High CPU Usage Detected
AI chose action: cpu
AI chose action: cpu
AI chose action: cpu
ALERT: High CPU Usage Detected
AI chose action: cpu
ALERT: High CPU Usage Detected
AI chose action: cpu
AI chose action: cpu
AI chose action: cpu
AI chose action: cpu
AI chose action: cpu
AI chose action: cpu
AI chose action: cpu
AI chose action: cpu
AI chose action: processes
ALERT: Suspicious Process Detected
AI chose action: processes
ALERT: Suspicious Process Detected
AI chose action: cpu
AI chose action: cpu
AI chose action: cpu
ALERT: High CPU Usage Detected
AI chose action: cpu
AI chose action: cpu
AI chose action: processes
ALERT: Suspicious Process Detected
AI chose action: processes
ALERT: Suspicious Process Detected
AI chose action: processes
ALERT: Suspicious Process Detected
AI chose action: processes
ALERT: Suspicious Process Detected
AI chose action: processes
ALERT: Suspicious Process Detected
AI chose action: processes
ALERT: Suspicious Process Detected
AI chose action: processes
ALERT: Suspicious Process Detected
AI chose action: processes
ALERT: Suspicious Process Detected
AI chose action: processes
ALERT: Suspicious Process Detected
AI chose action: ram
AI chose action: ram
AI chose action: cpu
AI chose action: processes
ALERT: Suspicious Process Detected
AI chose action: cpu
AI chose action: ram
AI chose action: ram
AI chose action: cpu
AI chose action: ram
AI chose action: disk
AI chose action: ram
ALERT: High RAM Usage Detected
AI chose action: disk
AI chose action: disk
AI chose action: disk
AI chose action: ram
ALERT: High RAM Usage Detected
AI chose action: disk
AI chose action: ram
AI chose action: cpu
AI chose action: processes
ALERT: Suspicious Process Detected
AI chose action: ram
AI chose action: processes
ALERT: Suspicious Process Detected
AI chose action: cpu
AI chose action: processes
ALERT: Suspicious Process Detected
AI chose action: processes
ALERT: Suspicious Process Detected
AI chose action: cpu
AI chose action: cpu
ALERT: High CPU Usage Detected
AI chose action: processes
ALERT: Suspicious Process Detected
AI chose action: disk
AI chose action: processes
ALERT: Suspicious Process Detected
AI chose action: disk
AI chose action: ram
AI chose action: ram
AI chose action: processes
ALERT: Suspicious Process Detected
AI chose action: processes
ALERT: Suspicious Process Detected
AI chose action: processes
ALERT: Suspicious Process Detected
AI chose action: ram
ALERT: High RAM Usage Detected
AI chose action: processes
ALERT: Suspicious Process Detected
AI chose action: processes
ALERT: Suspicious Process Detected
AI chose action: ram
AI chose action: disk
AI chose action: processes
ALERT: Suspicious Process Detected
AI chose action: ram
